com/roguecloud/json/events/JsonStepActionEvent.class
com/roguecloud/map/ITilePropertyMutable.class
com/roguecloud/events/StepActionEvent.class
com/roguecloud/creatures/ICreature.class
com/roguecloud/client/LibertySessionWrapper$OldSessionInfo.class
com/roguecloud/map/RCCloneMap$InnerMapCoord.class
com/roguecloud/creatures/PlayerCreature.class
com/roguecloud/json/actions/JsonDrinkItemActionResponse.class
com/roguecloud/actions/EquipActionResponse.class
com/roguecloud/client/ai/SimpleAIStable$PickUpItemData.class
com/roguecloud/map/RCArrayMap.class
com/roguecloud/client/LibertySessionWrapper$4.class
com/roguecloud/items/Effect$EffectType.class
com/roguecloud/map/DoorTileProperty.class
com/roguecloud/client/ClientMappingSingleton.class
com/roguecloud/utils/AStarSearch8Way.class
com/roguecloud/json/JsonEffect.class
com/roguecloud/items/Weapon$WeaponType.class
com/roguecloud/json/browser/JsonUpdateBrowserUI$JsonBrowserCombatEvent.class
com/roguecloud/json/browser/JsonUpdateBrowserUI$JsonItem.class
application/rest/JaxrsApplication.class
com/roguecloud/utils/SimpleMap$1.class
com/roguecloud/json/actions/JsonMoveInventoryItemAction.class
com/roguecloud/utils/AStarSearchInterruptible$FScoreComparator.class
com/roguecloud/utils/AStarSearch$FScoreComparator.class
com/roguecloud/map/ITileProperty$TilePropertyType.class
com/roguecloud/client/utils/RCUtilLatencySim$Entry.class
com/roguecloud/utils/Logger$LoggerCache.class
com/roguecloud/json/JsonClientConnect.class
com/roguecloud/events/CombatActionEvent.class
com/roguecloud/client/ClientMap.class
com/roguecloud/client/WorldStateListeners.class
com/roguecloud/actions/NullActionResponse.class
com/roguecloud/RCSharedConstants.class
com/roguecloud/json/JsonFrameUpdate.class
com/roguecloud/json/JsonPosition.class
com/roguecloud/utils/RCUtils.class
com/roguecloud/events/IEvent.class
com/roguecloud/events/IMutableEvent.class
com/roguecloud/client/ai/SimpleAI.class
com/roguecloud/json/events/JsonMoveInventoryItemActionEvent.class
com/roguecloud/client/IClient.class
com/roguecloud/items/Weapon.class
com/roguecloud/json/JsonWorldState$JsonViewFrame.class
com/roguecloud/utils/AStarSearch8Way$FScoreComparator.class
com/roguecloud/json/JsonClientInterrupt.class
com/roguecloud/utils/WorldGenFileMappings$WorldGenFileMappingEntry.class
com/roguecloud/client/IWebsocketFactory.class
com/roguecloud/map/ImmutablePassableTerrain.class
com/roguecloud/client/utils/RCUtilLatencySim.class
com/roguecloud/client/LibertySessionWrapper$1.class
com/roguecloud/json/actions/JsonStepActionResponse.class
com/roguecloud/client/container/AppListener.class
com/roguecloud/utils/AStarSearch.class
com/roguecloud/client/container/ClientContainerUtil.class
com/roguecloud/client/LibertySessionWrapper$2.class
com/roguecloud/client/utils/PersistentKeyValueStore.class
com/roguecloud/client/container/LibertyWsBrowserEndpoint$LibertyWSClientWorldStateListener$1.class
com/roguecloud/utils/HttpClientUtils$1.class
com/roguecloud/client/LibertySessionWrapper.class
com/roguecloud/creatures/IExistsInWorld.class
com/roguecloud/client/LibertyClientEndpoint.class
com/roguecloud/json/JsonMessageMap.class
com/roguecloud/client/ClientMessageReceiver.class
application/HealthEndpoint.class
com/roguecloud/events/AbstractEvent.class
com/roguecloud/utils/ResourceLifecycleUtil$WrapperEntry.class
com/roguecloud/client/ClientWorldState$ClientWorldStateListener.class
com/roguecloud/items/Effect.class
com/roguecloud/utils/AStarSearch8Way$1.class
com/roguecloud/json/JsonVisibleCreature.class
com/roguecloud/actions/StepActionResponse.class
com/roguecloud/actions/IAction.class
application/rest/v1/Example.class
com/roguecloud/client/LibertyClientInstance$1.class
com/roguecloud/client/RemoteClient.class
com/roguecloud/map/TileType.class
com/roguecloud/json/browser/JsonActiveRoundInfo.class
com/roguecloud/items/Armour.class
com/roguecloud/client/utils/ClientUtil$SessionManagedResource.class
com/roguecloud/client/container/LibertyClientBrowserSessionWrapper$1.class
com/roguecloud/resources/Resources.class
com/roguecloud/json/actions/JsonMoveInventoryItemActionResponse.class
com/roguecloud/json/JsonRoundComplete.class
com/roguecloud/client/container/StartAgentServlet$1.class
com/roguecloud/client/ai/SimpleAIStable$AttackingStateData.class
com/roguecloud/utils/RegisterUser.class
com/roguecloud/Position.class
com/roguecloud/utils/ResourceLifecycleUtil.class
com/roguecloud/utils/Logger$1.class
com/roguecloud/json/client/JsonHealthCheckResponse.class
com/roguecloud/client/container/LibertyWsBrowserEndpoint$LibertyWSClientWorldStateListener.class
com/roguecloud/client/container/StartAgentServlet$2.class
com/roguecloud/NG$NittyGrittyLogThread.class
com/roguecloud/json/client/JsonHealthCheck.class
com/roguecloud/json/actions/JsonEquipActionResponse.class
com/roguecloud/json/JsonVisibleObject.class
com/roguecloud/map/DoorTerrain.class
com/roguecloud/utils/LogContext.class
application/rest/RootEndpoint.class
com/roguecloud/map/ITerrain.class
com/roguecloud/client/LibertyClientEndpoint$BinaryMessageHandler.class
com/roguecloud/json/JsonActionMessage.class
com/roguecloud/client/IKeyValueStore.class
com/roguecloud/utils/Logger.class
com/roguecloud/creatures/IMutableCreature.class
com/roguecloud/utils/Logger$LoggerCache$ReturnVal.class
com/roguecloud/utils/WorldGenFileMappings.class
com/roguecloud/map/Tile.class
com/roguecloud/utils/RegisterUser$ClientApiVersionReturn.class
com/roguecloud/utils/AIUtils$FindClosestResult.class
com/roguecloud/actions/CombatAction.class
com/roguecloud/creatures/Monster.class
com/roguecloud/items/GroundObject.class
com/roguecloud/utils/AStarSearch$Node.class
com/roguecloud/json/JsonWeapon.class
com/roguecloud/client/ClientState.class
com/roguecloud/client/ai/SimpleAIStable$1.class
com/roguecloud/client/ai/SimpleAI$PickUpItemData.class
com/roguecloud/client/utils/RCUtilLatencySim$HLLThread.class
com/roguecloud/utils/SimpleMap.class
com/roguecloud/json/browser/JsonBrowserConnect.class
com/roguecloud/client/LibertyWebsocketFactory.class
com/roguecloud/json/browser/JsonUpdateBrowserUI.class
com/roguecloud/client/ai/AdvancedAI.class
com/roguecloud/actions/IAction$ActionType.class
com/roguecloud/utils/AStarSearchInterruptible$1.class
com/roguecloud/RCRuntime.class
com/roguecloud/json/client/JsonUserRequest.class
com/roguecloud/client/container/LibertyWsBrowserEndpoint$1.class
com/roguecloud/json/actions/JsonStepAction.class
com/roguecloud/actions/DrinkItemActionResponse.class
com/roguecloud/json/JsonArmour.class
com/roguecloud/utils/FastPathSearch.class
com/roguecloud/NG.class
com/roguecloud/map/RCCloneMap.class
com/roguecloud/json/JsonAbstractTypedMessage.class
com/roguecloud/utils/Console.class
com/roguecloud/map/TileTypeGroup.class
com/roguecloud/utils/Logger$LoggerCache$LoggerCacheEntry.class
com/roguecloud/actions/EquipAction.class
com/roguecloud/utils/SimpleMap$SimpleMapPrettyPrint.class
com/roguecloud/json/client/JsonUserRequestResponse.class
com/roguecloud/client/utils/ClientUtil.class
com/roguecloud/json/actions/JsonNullActionResponse.class
com/roguecloud/json/JsonDrinkableItem.class
com/roguecloud/items/Armour$ArmourType.class
com/roguecloud/client/ai/SimpleAIStable$WanderingStateData.class
com/roguecloud/actions/CombatActionResponse$CombatActionResult.class
com/roguecloud/utils/AStarSearchInterruptible$Node.class
com/roguecloud/json/JsonClientConnectResponse$ConnectResult.class
com/roguecloud/json/browser/JsonUpdateBrowserUI$JsonServiceStatEntry.class
com/roguecloud/utils/CompressionUtils.class
com/roguecloud/client/LibertyClientEndpoint$StringMessageHandler.class
com/roguecloud/map/ImmutableImpassableTerrain.class
com/roguecloud/events/IEvent$EventType.class
com/roguecloud/utils/InnerConsole.class
com/roguecloud/actions/StepAction.class
com/roguecloud/client/ISessionWrapper.class
com/roguecloud/client/utils/RCUtilLatencySim$1.class
com/roguecloud/client/container/LibertyClientBrowserSessionWrapper$ClientSessionThread.class
com/roguecloud/actions/MoveInventoryItemAction$Type.class
com/roguecloud/items/OwnableObject.class
com/roguecloud/json/JsonOwnableObject.class
com/roguecloud/client/container/StartAgentServlet$ConnectData.class
com/roguecloud/map/ITileProperty.class
com/roguecloud/client/utils/RCUtilLatencySim$ILatencySimReceiver.class
com/roguecloud/actions/CombatActionResponse.class
com/roguecloud/resources/Resources$Page.class
com/roguecloud/client/LibertySessionWrapper$WrapperState.class
com/roguecloud/actions/IActionResponse.class
com/roguecloud/client/LibertySessionWrapper$3.class
com/roguecloud/client/WorldStateListeners$WSLEntry.class
com/roguecloud/client/EventLog.class
com/roguecloud/actions/MoveInventoryItemAction.class
com/roguecloud/client/LibertySessionWrapper$ClientStateOutputThread.class
com/roguecloud/client/ai/SimpleAI$1.class
com/roguecloud/utils/InnerConsole$ICThreadWrapper.class
com/roguecloud/actions/StepActionResponse$StepActionFailReason.class
com/roguecloud/client/IEventLog.class
com/roguecloud/map/WallTerrain.class
com/roguecloud/client/ai/SimpleAI$WanderingStateData.class
com/roguecloud/json/JsonDoorProperty.class
com/roguecloud/client/LibertyClientInstance.class
com/roguecloud/json/client/JsonDbLeaderboardEntry.class
com/roguecloud/utils/Logger$Level.class
com/roguecloud/json/JsonActionMessageResponse.class
com/roguecloud/json/actions/JsonNullAction.class
com/roguecloud/utils/HttpClientUtils$HNV.class
com/roguecloud/client/container/LibertyClientBrowserSessionWrapper.class
com/roguecloud/client/container/ResourceServlet.class
com/roguecloud/actions/DrinkItemAction.class
com/roguecloud/json/events/JsonEquipActionEvent.class
com/roguecloud/client/ai/SimpleAIStable.class
com/roguecloud/json/browser/JsonUpdateBrowserUI$JsonScore.class
com/roguecloud/utils/AStarSearch8Way$Node.class
com/roguecloud/json/JsonSelfState.class
com/roguecloud/map/IMap.class
com/roguecloud/ActionResponseFuture.class
com/roguecloud/client/WorldState.class
com/roguecloud/client/ai/SimpleAI$ARFEntry.class
com/roguecloud/json/JsonClientConnectResponse.class
com/roguecloud/events/MoveInventoryItemActionEvent.class
com/roguecloud/client/ClientWorldState.class
com/roguecloud/json/actions/JsonDrinkItemAction.class
com/roguecloud/utils/IManagedResource.class
com/roguecloud/client/ai/SimpleAIStable$State.class
com/roguecloud/map/IMutableMap.class
com/roguecloud/actions/MoveInventoryItemActionResponse.class
com/roguecloud/items/IGroundObject.class
com/roguecloud/BrowserWebSocketClientShared.class
com/roguecloud/json/actions/JsonEquipAction.class
com/roguecloud/client/ai/SimpleAI$AttackingStateData.class
com/roguecloud/client/SelfState.class
com/roguecloud/json/browser/JsonInactiveRoundInfo.class
com/roguecloud/utils/AIUtils.class
com/roguecloud/json/events/JsonCombatActionEvent.class
com/roguecloud/items/IObject.class
com/roguecloud/client/container/StartAgentServlet.class
com/roguecloud/actions/NullAction.class
com/roguecloud/client/container/LibertyWsBrowserEndpoint.class
com/roguecloud/events/DrinkItemActionEvent.class
com/roguecloud/client/ai/SimpleAI$State.class
com/roguecloud/json/actions/JsonCombatAction.class
com/roguecloud/events/EquipActionEvent.class
com/roguecloud/utils/AStarSearchInterruptible.class
com/roguecloud/utils/Coord.class
com/roguecloud/utils/HttpClientUtils.class
com/roguecloud/json/JsonWorldState.class
com/roguecloud/items/ArmourSet.class
com/roguecloud/json/actions/JsonCombatActionResponse.class
com/roguecloud/json/events/JsonDrinkItemActionEvent.class
com/roguecloud/utils/ResourceLifecycleUtil$ResourceLifeCycleThread.class
com/roguecloud/utils/ResourceLifecycleUtil$1.class
com/roguecloud/items/DrinkableItem.class
com/roguecloud/items/IObject$ObjectType.class
com/roguecloud/utils/AStarSearch$1.class
