/home/default/app/src/main/java/com/roguecloud/items/ArmourSet.java
/home/default/app/src/main/java/com/roguecloud/json/JsonArmour.java
/home/default/app/src/main/java/com/roguecloud/client/ClientWorldState.java
/home/default/app/src/main/java/com/roguecloud/json/client/JsonHealthCheck.java
/home/default/app/src/main/java/com/roguecloud/actions/CombatActionResponse.java
/home/default/app/src/main/java/com/roguecloud/json/JsonVisibleObject.java
/home/default/app/src/main/java/com/roguecloud/map/TileType.java
/home/default/app/src/main/java/com/roguecloud/json/events/JsonEquipActionEvent.java
/home/default/app/src/main/java/com/roguecloud/utils/Coord.java
/home/default/app/src/main/java/com/roguecloud/map/DoorTerrain.java
/home/default/app/src/main/java/com/roguecloud/json/JsonActionMessageResponse.java
/home/default/app/src/main/java/com/roguecloud/json/events/JsonMoveInventoryItemActionEvent.java
/home/default/app/src/main/java/com/roguecloud/client/WorldStateListeners.java
/home/default/app/src/main/java/com/roguecloud/actions/MoveInventoryItemAction.java
/home/default/app/src/main/java/com/roguecloud/utils/AStarSearch.java
/home/default/app/src/main/java/com/roguecloud/actions/IAction.java
/home/default/app/src/main/java/com/roguecloud/json/actions/JsonNullAction.java
/home/default/app/src/main/java/com/roguecloud/items/GroundObject.java
/home/default/app/src/main/java/com/roguecloud/json/actions/JsonMoveInventoryItemActionResponse.java
/home/default/app/src/main/java/com/roguecloud/utils/SimpleMap.java
/home/default/app/src/main/java/com/roguecloud/actions/EquipAction.java
/home/default/app/src/main/java/com/roguecloud/json/browser/JsonInactiveRoundInfo.java
/home/default/app/src/main/java/com/roguecloud/client/ClientMessageReceiver.java
/home/default/app/src/main/java/com/roguecloud/json/JsonMessageMap.java
/home/default/app/src/main/java/com/roguecloud/json/actions/JsonStepAction.java
/home/default/app/src/main/java/com/roguecloud/actions/NullAction.java
/home/default/app/src/main/java/com/roguecloud/items/Effect.java
/home/default/app/src/main/java/com/roguecloud/resources/Resources.java
/home/default/app/src/main/java/com/roguecloud/json/browser/JsonUpdateBrowserUI.java
/home/default/app/src/main/java/com/roguecloud/json/actions/JsonEquipActionResponse.java
/home/default/app/src/main/java/com/roguecloud/ActionResponseFuture.java
/home/default/app/src/main/java/com/roguecloud/utils/Logger.java
/home/default/app/src/main/java/com/roguecloud/client/container/ResourceServlet.java
/home/default/app/src/main/java/com/roguecloud/client/container/AppListener.java
/home/default/app/src/main/java/com/roguecloud/actions/NullActionResponse.java
/home/default/app/src/main/java/com/roguecloud/json/JsonSelfState.java
/home/default/app/src/main/java/com/roguecloud/json/JsonClientInterrupt.java
/home/default/app/src/main/java/com/roguecloud/json/client/JsonDbLeaderboardEntry.java
/home/default/app/src/main/java/com/roguecloud/client/EventLog.java
/home/default/app/src/main/java/com/roguecloud/utils/InnerConsole.java
/home/default/app/src/main/java/com/roguecloud/json/JsonDrinkableItem.java
/home/default/app/src/main/java/com/roguecloud/creatures/IExistsInWorld.java
/home/default/app/src/main/java/com/roguecloud/json/JsonVisibleCreature.java
/home/default/app/src/main/java/com/roguecloud/client/ai/AdvancedAI.java
/home/default/app/src/main/java/com/roguecloud/json/actions/JsonDrinkItemActionResponse.java
/home/default/app/src/main/java/com/roguecloud/map/ITilePropertyMutable.java
/home/default/app/src/main/java/com/roguecloud/actions/IActionResponse.java
/home/default/app/src/main/java/com/roguecloud/client/IKeyValueStore.java
/home/default/app/src/main/java/com/roguecloud/client/LibertySessionWrapper.java
/home/default/app/src/main/java/com/roguecloud/NG.java
/home/default/app/src/main/java/com/roguecloud/items/IObject.java
/home/default/app/src/main/java/com/roguecloud/json/JsonPosition.java
/home/default/app/src/main/java/com/roguecloud/utils/HttpClientUtils.java
/home/default/app/src/main/java/com/roguecloud/items/IGroundObject.java
/home/default/app/src/main/java/com/roguecloud/json/JsonRoundComplete.java
/home/default/app/src/main/java/com/roguecloud/json/client/JsonHealthCheckResponse.java
/home/default/app/src/main/java/com/roguecloud/events/DrinkItemActionEvent.java
/home/default/app/src/main/java/com/roguecloud/events/StepActionEvent.java
/home/default/app/src/main/java/com/roguecloud/creatures/PlayerCreature.java
/home/default/app/src/main/java/com/roguecloud/json/JsonEffect.java
/home/default/app/src/main/java/com/roguecloud/utils/ResourceLifecycleUtil.java
/home/default/app/src/main/java/com/roguecloud/map/ITileProperty.java
/home/default/app/src/main/java/com/roguecloud/json/JsonActionMessage.java
/home/default/app/src/main/java/com/roguecloud/creatures/Monster.java
/home/default/app/src/main/java/com/roguecloud/client/ai/SimpleAI.java
/home/default/app/src/main/java/application/rest/RootEndpoint.java
/home/default/app/src/main/java/com/roguecloud/map/RCArrayMap.java
/home/default/app/src/main/java/com/roguecloud/client/ClientMap.java
/home/default/app/src/main/java/com/roguecloud/client/ISessionWrapper.java
/home/default/app/src/main/java/com/roguecloud/actions/StepAction.java
/home/default/app/src/main/java/com/roguecloud/map/WallTerrain.java
/home/default/app/src/main/java/com/roguecloud/json/browser/JsonBrowserConnect.java
/home/default/app/src/main/java/com/roguecloud/events/AbstractEvent.java
/home/default/app/src/main/java/com/roguecloud/utils/AStarSearchInterruptible.java
/home/default/app/src/main/java/com/roguecloud/client/container/LibertyClientBrowserSessionWrapper.java
/home/default/app/src/main/java/com/roguecloud/client/container/ClientContainerUtil.java
/home/default/app/src/main/java/com/roguecloud/client/SelfState.java
/home/default/app/src/main/java/com/roguecloud/actions/EquipActionResponse.java
/home/default/app/src/main/java/com/roguecloud/utils/WorldGenFileMappings.java
/home/default/app/src/main/java/application/HealthEndpoint.java
/home/default/app/src/main/java/com/roguecloud/events/IMutableEvent.java
/home/default/app/src/main/java/com/roguecloud/actions/CombatAction.java
/home/default/app/src/main/java/com/roguecloud/events/IEvent.java
/home/default/app/src/main/java/com/roguecloud/json/JsonClientConnectResponse.java
/home/default/app/src/main/java/application/rest/JaxrsApplication.java
/home/default/app/src/main/java/com/roguecloud/json/JsonWorldState.java
/home/default/app/src/main/java/com/roguecloud/json/JsonAbstractTypedMessage.java
/home/default/app/src/main/java/com/roguecloud/BrowserWebSocketClientShared.java
/home/default/app/src/main/java/com/roguecloud/client/IWebsocketFactory.java
/home/default/app/src/main/java/com/roguecloud/utils/CompressionUtils.java
/home/default/app/src/main/java/com/roguecloud/json/actions/JsonMoveInventoryItemAction.java
/home/default/app/src/main/java/com/roguecloud/actions/MoveInventoryItemActionResponse.java
/home/default/app/src/main/java/com/roguecloud/events/EquipActionEvent.java
/home/default/app/src/main/java/com/roguecloud/client/ClientState.java
/home/default/app/src/main/java/com/roguecloud/client/container/LibertyWsBrowserEndpoint.java
/home/default/app/src/main/java/com/roguecloud/json/JsonWeapon.java
/home/default/app/src/main/java/com/roguecloud/utils/RegisterUser.java
/home/default/app/src/main/java/com/roguecloud/json/actions/JsonStepActionResponse.java
/home/default/app/src/main/java/com/roguecloud/client/LibertyClientEndpoint.java
/home/default/app/src/main/java/com/roguecloud/utils/IManagedResource.java
/home/default/app/src/main/java/com/roguecloud/utils/LogContext.java
/home/default/app/src/main/java/com/roguecloud/json/browser/JsonActiveRoundInfo.java
/home/default/app/src/main/java/com/roguecloud/client/WorldState.java
/home/default/app/src/main/java/com/roguecloud/client/ai/SimpleAIStable.java
/home/default/app/src/main/java/com/roguecloud/client/LibertyWebsocketFactory.java
/home/default/app/src/main/java/com/roguecloud/utils/AStarSearch8Way.java
/home/default/app/src/main/java/com/roguecloud/map/TileTypeGroup.java
/home/default/app/src/main/java/com/roguecloud/actions/DrinkItemAction.java
/home/default/app/src/main/java/com/roguecloud/utils/AIUtils.java
/home/default/app/src/main/java/com/roguecloud/RCSharedConstants.java
/home/default/app/src/main/java/com/roguecloud/json/actions/JsonCombatAction.java
/home/default/app/src/main/java/com/roguecloud/json/client/JsonUserRequestResponse.java
/home/default/app/src/main/java/com/roguecloud/json/client/JsonUserRequest.java
/home/default/app/src/main/java/com/roguecloud/items/OwnableObject.java
/home/default/app/src/main/java/com/roguecloud/client/utils/RCUtilLatencySim.java
/home/default/app/src/main/java/com/roguecloud/utils/Console.java
/home/default/app/src/main/java/com/roguecloud/client/container/StartAgentServlet.java
/home/default/app/src/main/java/com/roguecloud/map/ImmutableImpassableTerrain.java
/home/default/app/src/main/java/com/roguecloud/map/IMap.java
/home/default/app/src/main/java/com/roguecloud/client/ClientMappingSingleton.java
/home/default/app/src/main/java/com/roguecloud/json/JsonFrameUpdate.java
/home/default/app/src/main/java/com/roguecloud/utils/RCUtils.java
/home/default/app/src/main/java/com/roguecloud/events/CombatActionEvent.java
/home/default/app/src/main/java/com/roguecloud/RCRuntime.java
/home/default/app/src/main/java/com/roguecloud/map/Tile.java
/home/default/app/src/main/java/com/roguecloud/creatures/IMutableCreature.java
/home/default/app/src/main/java/com/roguecloud/map/ImmutablePassableTerrain.java
/home/default/app/src/main/java/com/roguecloud/map/DoorTileProperty.java
/home/default/app/src/main/java/com/roguecloud/map/IMutableMap.java
/home/default/app/src/main/java/com/roguecloud/json/actions/JsonEquipAction.java
/home/default/app/src/main/java/com/roguecloud/map/ITerrain.java
/home/default/app/src/main/java/com/roguecloud/client/utils/ClientUtil.java
/home/default/app/src/main/java/com/roguecloud/items/Weapon.java
/home/default/app/src/main/java/application/rest/v1/Example.java
/home/default/app/src/main/java/com/roguecloud/client/IEventLog.java
/home/default/app/src/main/java/com/roguecloud/client/RemoteClient.java
/home/default/app/src/main/java/com/roguecloud/json/actions/JsonCombatActionResponse.java
/home/default/app/src/main/java/com/roguecloud/events/MoveInventoryItemActionEvent.java
/home/default/app/src/main/java/com/roguecloud/client/LibertyClientInstance.java
/home/default/app/src/main/java/com/roguecloud/actions/StepActionResponse.java
/home/default/app/src/main/java/com/roguecloud/json/JsonDoorProperty.java
/home/default/app/src/main/java/com/roguecloud/items/DrinkableItem.java
/home/default/app/src/main/java/com/roguecloud/json/events/JsonDrinkItemActionEvent.java
/home/default/app/src/main/java/com/roguecloud/client/IClient.java
/home/default/app/src/main/java/com/roguecloud/json/JsonClientConnect.java
/home/default/app/src/main/java/com/roguecloud/map/RCCloneMap.java
/home/default/app/src/main/java/com/roguecloud/json/events/JsonCombatActionEvent.java
/home/default/app/src/main/java/com/roguecloud/client/utils/PersistentKeyValueStore.java
/home/default/app/src/main/java/com/roguecloud/json/actions/JsonDrinkItemAction.java
/home/default/app/src/main/java/com/roguecloud/Position.java
/home/default/app/src/main/java/com/roguecloud/json/events/JsonStepActionEvent.java
/home/default/app/src/main/java/com/roguecloud/json/actions/JsonNullActionResponse.java
/home/default/app/src/main/java/com/roguecloud/actions/DrinkItemActionResponse.java
/home/default/app/src/main/java/com/roguecloud/creatures/ICreature.java
/home/default/app/src/main/java/com/roguecloud/utils/FastPathSearch.java
/home/default/app/src/main/java/com/roguecloud/json/JsonOwnableObject.java
/home/default/app/src/main/java/com/roguecloud/items/Armour.java
